# Copyright (c) 2015-2016 Yubico AB
# All rights reserved.
# 
# Redistribution and use in source and binary forms, with or without
# modification, are permitted provided that the following conditions are
# met:
#
#     * Redistributions of source code must retain the above copyright
#       notice, this list of conditions and the following disclaimer.
#
#     * Redistributions in binary form must reproduce the above
#       copyright notice, this list of conditions and the following
#       disclaimer in the documentation and/or other materials provided
#       with the distribution.
#
# THIS SOFTWARE IS PROVIDED BY THE COPYRIGHT HOLDERS AND CONTRIBUTORS
# "AS IS" AND ANY EXPRESS OR IMPLIED WARRANTIES, INCLUDING, BUT NOT
# LIMITED TO, THE IMPLIED WARRANTIES OF MERCHANTABILITY AND FITNESS FOR
# A PARTICULAR PURPOSE ARE DISCLAIMED. IN NO EVENT SHALL THE COPYRIGHT
# OWNER OR CONTRIBUTORS BE LIABLE FOR ANY DIRECT, INDIRECT, INCIDENTAL,
# SPECIAL, EXEMPLARY, OR CONSEQUENTIAL DAMAGES (INCLUDING, BUT NOT
# LIMITED TO, PROCUREMENT OF SUBSTITUTE GOODS OR SERVICES; LOSS OF USE,
# DATA, OR PROFITS; OR BUSINESS INTERRUPTION) HOWEVER CAUSED AND ON ANY
# THEORY OF LIABILITY, WHETHER IN CONTRACT, STRICT LIABILITY, OR TORT
# (INCLUDING NEGLIGENCE OR OTHERWISE) ARISING IN ANY WAY OUT OF THE USE
# OF THIS SOFTWARE, EVEN IF ADVISED OF THE POSSIBILITY OF SUCH DAMAGE.

YKCS11_0.1.0
{
global:
  C_Initialize;
  C_Finalize;
  C_GetInfo;
  C_GetFunctionList;
  C_GetSlotList;
  C_GetSlotInfo;
  C_GetTokenInfo;
  C_WaitForSlotEvent;
  C_GetMechanismList;
  C_GetMechanismInfo;
  C_InitToken;
  C_InitPIN;
  C_SetPIN;
  C_OpenSession;
  C_CloseSession;
  C_CloseAllSessions;
  C_GetSessionInfo;
  C_GetOperationState;
  C_SetOperationState;
  C_Login;
  C_Logout;
  C_CreateObject;
  C_CopyObject;
  C_DestroyObject;
  C_GetObjectSize;
  C_GetAttributeValue;
  C_SetAttributeValue;
  C_FindObjectsInit;
  C_FindObjects;
  C_FindObjectsFinal;
  C_EncryptInit;
  C_Encrypt;
  C_EncryptUpdate;
  C_EncryptFinal;
  C_DecryptInit;
  C_Decrypt;
  C_DecryptUpdate;
  C_DecryptFinal;
  C_DigestInit;
  C_Digest;
  C_DigestUpdate;
  C_DigestKey;
  C_DigestFinal;
  C_SignInit;
  C_Sign;
  C_SignUpdate;
  C_SignFinal;
  C_SignRecoverInit;
  C_SignRecover;
  C_VerifyInit;
  C_Verify;
  C_VerifyUpdate;
  C_VerifyFinal;
  C_VerifyRecoverInit;
  C_VerifyRecover;
  C_DigestEncryptUpdate;
  C_DecryptDigestUpdate;
  C_SignEncryptUpdate;
  C_DecryptVerifyUpdate;
  C_GenerateKey;
  C_GenerateKeyPair;
  C_WrapKey;
  C_UnwrapKey;
  C_DeriveKey;
  C_SeedRandom;
  C_GenerateRandom;
  C_GetFunctionStatus;
  C_CancelFunction;
local:
	*;
};
